---
source: tests/chat_render_snapshot.rs
expression: "lines.join(\"\\n\")"
---
commands, Ctrl+O toggle details.                            
│                                                           
  │       ███████████████████         Blazar uses AI. Check 
for mistakes.                                         │     
  │        ▀█▀▀▀▀▀▀▀▀▀▀▀▀▀█▀                                
                                                     │      
  │          ▀▀▀▀▀▀▀▀▀▀▀▀▀                                  
                                                     │      
  ╭ Commands ──────────────────────────────────────╮        
  │› /help  Show available commands and shortcuts  │ │      
  │  /clear  Clear the conversation history        │        
  │  /copy  Copy the last response to the clipboard│ │      
  │  /init  Generate a blazar-instructions.md file │        
  │  /skills  List loaded skills and their status  │ │      
  │  /model  Switch the active model               │────────
~/│  ▼ more                                        │        
──│↑↓ navigate · enter select · esc cancel  (1/24) │────────
> ╰────────────────────────────────────────────────╯        
────────────────────────────────────────────────────────────
AUTO                                          echo · ctx n/a
