---
source: tests/chat_render_snapshot.rs
expression: "lines.join(\"\\n\")"
---
┌Spirit────────────────┐┌Chat──────────────────────────────┐
│Spirit / 星糖导航马   ││Spirit: Tell me what you'd like to│
│Waiting with a        ││explore.                          │
│sprinkle of stardust  ││                                  │
│                      ││                                  │
│                      ││                                  │
│                      ││                                  │
│                      ││                                  │
│                      │└──────────────────────────────────┘
│                      │                                    
│                      │                                    
└──────────────────────┘
