---
source: tests/chat_render_snapshot.rs
expression: "lines.join(\"\\n\")"
---
Blazar · Spirit Workspace───────────────────────────────────
┌Nav─────────────────┐┌Chat────────────────────────────────┐
│Spirit              ││Spirit: Tell me what you'd like to  │
│                    ││explore.                            │
│                    ││                                    │
│                    │└────────────────────────────────────┘
│                    │                                      
│                    │                                      
└────────────────────┘                                      
 Ask Spirit────────────────────────────────────────────────┐
│                                                          │
└──────────────────────────────────────────────────────────┘
