---
source: tests/chat_render_snapshot.rs
expression: "lines.join(\"\\n\")"
---
  │       ███████████████████         Blazar uses AI. Check 
for mistakes.             │                                 
  │        ▀█▀▀▀▀▀▀▀▀▀▀▀▀▀█▀                                
                         │                                  
  │          ▀▀▀▀▀▀▀▀▀▀▀▀▀                                  
                         │                                  
  │                                                         
                         │                                  
  │                                                         
                         │                                  
  │                                                         
                         │                                  
  ╰─────────────────────────────────────────────────────────
──────────────────────────╯                                 
                                                            
~/blazar · main                                             
────────────────────────────────────────────────────────────
> Describe a task or ask a question…                        
────────────────────────────────────────────────────────────
AUTO                                          echo · ctx n/a
